This is XeTeX, Version 3.141592653-2.6-0.999993 (MiKTeX 22.1) (preloaded format=xelatex 2025.12.30)  30 DEC 2025 22:50
entering extended mode
 restricted \write18 enabled.
 %&-line parsing enabled.
**./main.tex
(main.tex
LaTeX2e <2025-11-01>
L3 programming layer <2025-12-24>
(template.tex
(/Users/attilapinter/Library/Application Support/MiKTeX/texmfs/install/tex/late
x/koma-script/scrartcl.cls
Document Class: scrartcl 2025/12/01 v3.49 KOMA-Script document class (article)

(/Users/attilapinter/Library/Application Support/MiKTeX/texmfs/install/tex/late
x/koma-script/scrkbase.sty
Package: scrkbase 2025/12/01 v3.49 KOMA-Script package (KOMA-Script-dependent b
asics and keyval usage)

(/Users/attilapinter/Library/Application Support/MiKTeX/texmfs/install/tex/late
x/koma-script/scrbase.sty
Package: scrbase 2025/12/01 v3.49 KOMA-Script package (KOMA-Script-independent 
basics and keyval usage)

(/Users/attilapinter/Library/Application Support/MiKTeX/texmfs/install/tex/late
x/koma-script/scrlfile.sty
Package: scrlfile 2025/12/01 v3.49 KOMA-Script package (file load hooks)

(/Users/attilapinter/Library/Application Support/MiKTeX/texmfs/install/tex/late
x/koma-script/scrlfile-hook.sty
Package: scrlfile-hook 2025/12/01 v3.49 KOMA-Script package (using LaTeX hooks)


(/Users/attilapinter/Library/Application Support/MiKTeX/texmfs/install/tex/late
x/koma-script/scrlogo.sty
Package: scrlogo 2025/12/01 v3.49 KOMA-Script package (logo)
)))
(/Users/attilapinter/Library/Application Support/MiKTeX/texmfs/install/tex/late
x/graphics/keyval.sty
Package: keyval 2022/05/29 v1.15 key=value parser (DPC)
\KV@toks@=\toks17
)
Applying: [2021/05/01] Usage of raw or classic option list on input line 254.
Already applied: [0000/00/00] Usage of raw or classic option list on input line
 370.
))
(/Users/attilapinter/Library/Application Support/MiKTeX/texmfs/install/tex/late
x/koma-script/tocbasic.sty
Package: tocbasic 2025/12/01 v3.49 KOMA-Script package (handling toc-files)
\scr@dte@tocline@numberwidth=\skip49
\scr@dte@tocline@numbox=\box53
)
Package tocbasic Info: omitting babel extension for `toc'
(tocbasic)             because of feature `nobabel' available
(tocbasic)             for `toc' on input line 141.
Class scrartcl Info: File `scrsize11pt.clo' used instead of
(scrartcl)           file `scrsize11.clo' to setup font sizes on input line 248
7.

(/Users/attilapinter/Library/Application Support/MiKTeX/texmfs/install/tex/late
x/koma-script/scrsize11pt.clo
File: scrsize11pt.clo 2025/12/01 v3.49 KOMA-Script font size class option (11pt
)
)
(/Users/attilapinter/Library/Application Support/MiKTeX/texmfs/install/tex/late
x/koma-script/typearea.sty
Package: typearea 2025/12/01 v3.49 KOMA-Script package (type area)
\ta@bcor=\skip50
\ta@div=\count271
\ta@hblk=\skip51
\ta@vblk=\skip52
\ta@temp=\skip53
\footheight=\skip54
Package typearea Info: These are the values describing the layout:
(typearea)             DIV  = 10
(typearea)             BCOR = 0.0pt
(typearea)             \paperwidth      = 597.50793pt
(typearea)              \textwidth      = 418.25555pt
(typearea)              DIV departure   = -6%
(typearea)              \evensidemargin = 17.3562pt
(typearea)              \oddsidemargin  = 17.3562pt
(typearea)             \paperheight     = 845.04694pt
(typearea)              \textheight     = 595.80026pt
(typearea)              \topmargin      = -25.16531pt
(typearea)              \headheight     = 17.0pt
(typearea)              \headsep        = 20.40001pt
(typearea)              \topskip        = 11.0pt
(typearea)              \footskip       = 47.6pt
(typearea)              \baselineskip   = 13.6pt
(typearea)              on input line 1808.
)
\c@part=\count272
\c@section=\count273
\c@subsection=\count274
\c@subsubsection=\count275
\c@paragraph=\count276
\c@subparagraph=\count277
\scr@dte@section@maxnumwidth=\skip55
Class scrartcl Info: using compatibility default `runin=bysign'
(scrartcl)           for `\section on input line 5007.
Class scrartcl Info: using compatibility default `afterindent=bysign'
(scrartcl)           for `\section on input line 5007.
\scr@dte@part@maxnumwidth=\skip56
Class scrartcl Info: using compatibility default `afterindent=false'
(scrartcl)           for `\part on input line 5015.
\scr@dte@subsection@maxnumwidth=\skip57
Class scrartcl Info: using compatibility default `runin=bysign'
(scrartcl)           for `\subsection on input line 5025.
Class scrartcl Info: using compatibility default `afterindent=bysign'
(scrartcl)           for `\subsection on input line 5025.
\scr@dte@subsubsection@maxnumwidth=\skip58
Class scrartcl Info: using compatibility default `runin=bysign'
(scrartcl)           for `\subsubsection on input line 5035.
Class scrartcl Info: using compatibility default `afterindent=bysign'
(scrartcl)           for `\subsubsection on input line 5035.
\scr@dte@paragraph@maxnumwidth=\skip59
Class scrartcl Info: using compatibility default `runin=bysign'
(scrartcl)           for `\paragraph on input line 5046.
Class scrartcl Info: using compatibility default `afterindent=bysign'
(scrartcl)           for `\paragraph on input line 5046.
\scr@dte@subparagraph@maxnumwidth=\skip60
Class scrartcl Info: using compatibility default `runin=bysign'
(scrartcl)           for `\subparagraph on input line 5056.
Class scrartcl Info: using compatibility default `afterindent=bysign'
(scrartcl)           for `\subparagraph on input line 5056.
\abovecaptionskip=\skip61
\belowcaptionskip=\skip62
\c@pti@nb@sid@b@x=\box54
Package tocbasic Info: omitting babel extension for `lof'
(tocbasic)             because of feature `nobabel' available
(tocbasic)             for `lof' on input line 6279.
\scr@dte@figure@maxnumwidth=\skip63
\c@figure=\count278
Package tocbasic Info: omitting babel extension for `lot'
(tocbasic)             because of feature `nobabel' available
(tocbasic)             for `lot' on input line 6291.
\scr@dte@table@maxnumwidth=\skip64
\c@table=\count279
Class scrartcl Info: Redefining `\numberline' on input line 6461.
\bibindent=\dimen148
)
(/Users/attilapinter/Library/Application Support/MiKTeX/texmfs/install/tex/late
x/fontspec/fontspec.sty
(/Users/attilapinter/Library/Application Support/MiKTeX/texmfs/install/tex/late
x/l3packages/xparse/xparse.sty
(/Users/attilapinter/Library/Application Support/MiKTeX/texmfs/install/tex/late
x/l3kernel/expl3.sty
Package: expl3 2025-12-24 L3 programming layer (loader) 

(/Users/attilapinter/Library/Application Support/MiKTeX/texmfs/install/tex/late
x/l3backend/l3backend-xetex.def
File: l3backend-xetex.def 2025-10-09 L3 backend support: XeTeX
\g__graphics_track_int=\count280
\g__pdfannot_backend_int=\count281
\g__pdfannot_backend_link_int=\count282
))
Package: xparse 2025-10-09 L3 Experimental document command parser
)
Package: fontspec 2025/09/29 v2.9g Font selection for XeLaTeX and LuaLaTeX

(/Users/attilapinter/Library/Application Support/MiKTeX/texmfs/install/tex/late
x/fontspec/fontspec-xetex.sty
Package: fontspec-xetex 2025/09/29 v2.9g Font selection for XeLaTeX and LuaLaTe
X
\l__fontspec_script_int=\count283
\l__fontspec_language_int=\count284
\l__fontspec_strnum_int=\count285
\l__fontspec_tmp_int=\count286
\l__fontspec_tmpa_int=\count287
\l__fontspec_tmpb_int=\count288
\l__fontspec_tmpc_int=\count289
\l__fontspec_em_int=\count290
\l__fontspec_emdef_int=\count291
\l__fontspec_strong_int=\count292
\l__fontspec_strongdef_int=\count293
\l__fontspec_tmpa_dim=\dimen149
\l__fontspec_tmpb_dim=\dimen150
\l__fontspec_tmpc_dim=\dimen151

(/Users/attilapinter/Library/Application Support/MiKTeX/texmfs/install/tex/late
x/base/fontenc.sty
Package: fontenc 2025/07/18 v2.1d Standard LaTeX package
)
(/Users/attilapinter/Library/Application Support/MiKTeX/texmfs/install/tex/late
x/fontspec/fontspec.cfg)))
(/Users/attilapinter/Library/Application Support/MiKTeX/texmfs/install/tex/late
x/koma-script/scrlayer-scrpage.sty
Package: scrlayer-scrpage 2025/12/01 v3.49 KOMA-Script package (end user interf
ace for scrlayer)

(/Users/attilapinter/Library/Application Support/MiKTeX/texmfs/install/tex/late
x/koma-script/scrlayer.sty
Package: scrlayer 2025/12/01 v3.49 KOMA-Script package (defining layers and pag
e styles)
Package scrlayer Info: patching LaTeX kernel macro \pagestyle on input line 217
9.
)
Package scrlayer-scrpage Info: Makeing stand-alone element `pagehead' from
(scrlayer-scrpage)             alias to `pageheadfoot' on input line 1106.
)
(/Users/attilapinter/Library/Application Support/MiKTeX/texmfs/install/tex/late
x/xcolor/xcolor.sty
Package: xcolor 2024/09/29 v3.02 LaTeX color extensions (UK)

(/Users/attilapinter/Library/Application Support/MiKTeX/texmfs/install/tex/late
x/graphics-cfg/color.cfg
File: color.cfg 2016/01/02 v1.6 sample color configuration
)
Package xcolor Info: Driver file: xetex.def on input line 274.

(/Users/attilapinter/Library/Application Support/MiKTeX/texmfs/install/tex/late
x/graphics-def/xetex.def
File: xetex.def 2025/11/01 v5.0p Graphics/color driver for xetex
)
(/Users/attilapinter/Library/Application Support/MiKTeX/texmfs/install/tex/late
x/graphics/mathcolor.ltx)
Package xcolor Info: Model `cmy' substituted by `cmy0' on input line 1349.
Package xcolor Info: Model `RGB' extended on input line 1365.
Package xcolor Info: Model `HTML' substituted by `rgb' on input line 1367.
Package xcolor Info: Model `Hsb' substituted by `hsb' on input line 1368.
Package xcolor Info: Model `tHsb' substituted by `hsb' on input line 1369.
Package xcolor Info: Model `HSB' substituted by `hsb' on input line 1370.
Package xcolor Info: Model `Gray' substituted by `gray' on input line 1371.
Package xcolor Info: Model `wave' substituted by `hsb' on input line 1372.
)
(/Users/attilapinter/Library/Application Support/MiKTeX/texmfs/install/tex/late
x/booktabs/booktabs.sty
Package: booktabs 2020/01/12 v1.61803398 Publication quality tables
\heavyrulewidth=\dimen152
\lightrulewidth=\dimen153
\cmidrulewidth=\dimen154
\belowrulesep=\dimen155
\belowbottomsep=\dimen156
\aboverulesep=\dimen157
\abovetopsep=\dimen158
\cmidrulesep=\dimen159
\cmidrulekern=\dimen160
\defaultaddspace=\dimen161
\@cmidla=\count294
\@cmidlb=\count295
\@aboverulesep=\dimen162
\@belowrulesep=\dimen163
\@thisruleclass=\count296
\@lastruleclass=\count297
\@thisrulewidth=\dimen164
)
(/Users/attilapinter/Library/Application Support/MiKTeX/texmfs/install/tex/late
x/graphics/graphicx.sty
Package: graphicx 2024/12/31 v1.2e Enhanced LaTeX Graphics (DPC,SPQR)

(/Users/attilapinter/Library/Application Support/MiKTeX/texmfs/install/tex/late
x/graphics/graphics.sty
Package: graphics 2024/08/06 v1.4g Standard LaTeX Graphics (DPC,SPQR)

(/Users/attilapinter/Library/Application Support/MiKTeX/texmfs/install/tex/late
x/graphics/trig.sty
Package: trig 2023/12/02 v1.11 sin cos tan (DPC)
)
(/Users/attilapinter/Library/Application Support/MiKTeX/texmfs/install/tex/late
x/graphics-cfg/graphics.cfg
File: graphics.cfg 2016/06/04 v1.11 sample graphics configuration
)
Package graphics Info: Driver file: xetex.def on input line 106.
)
\Gin@req@height=\dimen165
\Gin@req@width=\dimen166
)
(/Users/attilapinter/Library/Application Support/MiKTeX/texmfs/install/tex/late
x/href-ul/href-ul.sty
Package: href-ul 2025/03/07 0.5.2 Underlined Hyperlinks

(/Users/attilapinter/Library/Application Support/MiKTeX/texmfs/install/tex/late
x/pgfopts/pgfopts.sty
Package: pgfopts 2014/07/10 v2.1a LaTeX package options with pgfkeys

(/Users/attilapinter/Library/Application Support/MiKTeX/texmfs/install/tex/late
x/pgf/utilities/pgfkeys.sty
(/Users/attilapinter/Library/Application Support/MiKTeX/texmfs/install/tex/gene
ric/pgf/utilities/pgfkeys.code.tex
\pgfkeys@pathtoks=\toks18
\pgfkeys@temptoks=\toks19

(/Users/attilapinter/Library/Application Support/MiKTeX/texmfs/install/tex/gene
ric/pgf/utilities/pgfkeyslibraryfiltered.code.tex
\pgfkeys@tmptoks=\toks20
)))
\pgfopts@list@add@a@toks=\toks21
\pgfopts@list@add@b@toks=\toks22
)
(/Users/attilapinter/Library/Application Support/MiKTeX/texmfs/install/tex/late
x/ulem/ulem.sty
\UL@box=\box55
\UL@hyphenbox=\box56
\UL@skip=\skip65
\UL@hook=\toks23
\UL@height=\dimen167
\UL@pe=\count298
\UL@pixel=\dimen168
\ULC@box=\box57
Package: ulem 2019/11/18
\ULdepth=\dimen169
)
(/Users/attilapinter/Library/Application Support/MiKTeX/texmfs/install/tex/late
x/hyperref/hyperref.sty
Package: hyperref 2025-07-12 v7.01o Hypertext links for LaTeX

(/Users/attilapinter/Library/Application Support/MiKTeX/texmfs/install/tex/gene
ric/iftex/iftex.sty
Package: iftex 2024/12/12 v1.0g TeX engine tests
)
(/Users/attilapinter/Library/Application Support/MiKTeX/texmfs/install/tex/late
x/kvsetkeys/kvsetkeys.sty
Package: kvsetkeys 2022-10-05 v1.19 Key value parser (HO)
)
(/Users/attilapinter/Library/Application Support/MiKTeX/texmfs/install/tex/gene
ric/kvdefinekeys/kvdefinekeys.sty
Package: kvdefinekeys 2019-12-19 v1.6 Define keys (HO)
)
(/Users/attilapinter/Library/Application Support/MiKTeX/texmfs/install/tex/gene
ric/pdfescape/pdfescape.sty
Package: pdfescape 2019/12/09 v1.15 Implements pdfTeX's escape features (HO)

(/Users/attilapinter/Library/Application Support/MiKTeX/texmfs/install/tex/gene
ric/ltxcmds/ltxcmds.sty
Package: ltxcmds 2023-12-04 v1.26 LaTeX kernel commands for general use (HO)
)
(/Users/attilapinter/Library/Application Support/MiKTeX/texmfs/install/tex/gene
ric/pdftexcmds/pdftexcmds.sty
Package: pdftexcmds 2020-06-27 v0.33 Utility functions of pdfTeX for LuaTeX (HO
)

(/Users/attilapinter/Library/Application Support/MiKTeX/texmfs/install/tex/gene
ric/infwarerr/infwarerr.sty
Package: infwarerr 2019/12/03 v1.5 Providing info/warning/error messages (HO)
)
Package pdftexcmds Info: \pdf@primitive is available.
Package pdftexcmds Info: \pdf@ifprimitive is available.
Package pdftexcmds Info: \pdfdraftmode not found.
))
(/Users/attilapinter/Library/Application Support/MiKTeX/texmfs/install/tex/late
x/hycolor/hycolor.sty
Package: hycolor 2020-01-27 v1.10 Color options for hyperref/bookmark (HO)
)
(/Users/attilapinter/Library/Application Support/MiKTeX/texmfs/install/tex/late
x/hyperref/nameref.sty
Package: nameref 2025-06-21 v2.57 Cross-referencing by name of section

(/Users/attilapinter/Library/Application Support/MiKTeX/texmfs/install/tex/late
x/refcount/refcount.sty
Package: refcount 2019/12/15 v3.6 Data extraction from label references (HO)
)
(/Users/attilapinter/Library/Application Support/MiKTeX/texmfs/install/tex/gene
ric/gettitlestring/gettitlestring.sty
Package: gettitlestring 2019/12/15 v1.6 Cleanup title references (HO)

(/Users/attilapinter/Library/Application Support/MiKTeX/texmfs/install/tex/late
x/kvoptions/kvoptions.sty
Package: kvoptions 2022-06-15 v3.15 Key value format for package options (HO)
))
\c@section@level=\count299
)
(/Users/attilapinter/Library/Application Support/MiKTeX/texmfs/install/tex/late
x/etoolbox/etoolbox.sty
Package: etoolbox 2025/10/02 v2.5m e-TeX tools for LaTeX (JAW)
\etb@tempcnta=\count300
)
(/Users/attilapinter/Library/Application Support/MiKTeX/texmfs/install/tex/gene
ric/stringenc/stringenc.sty
Package: stringenc 2019/11/29 v1.12 Convert strings between diff. encodings (HO
)
)
\@linkdim=\dimen170
\Hy@linkcounter=\count301
\Hy@pagecounter=\count302

(/Users/attilapinter/Library/Application Support/MiKTeX/texmfs/install/tex/late
x/hyperref/pd1enc.def
File: pd1enc.def 2025-07-12 v7.01o Hyperref: PDFDocEncoding definition (HO)
)
(/Users/attilapinter/Library/Application Support/MiKTeX/texmfs/install/tex/gene
ric/intcalc/intcalc.sty
Package: intcalc 2019/12/15 v1.3 Expandable calculations with integers (HO)
)
\Hy@SavedSpaceFactor=\count303

(/Users/attilapinter/Library/Application Support/MiKTeX/texmfs/install/tex/late
x/hyperref/puenc.def
File: puenc.def 2025-07-12 v7.01o Hyperref: PDF Unicode definition (HO)
)
Package hyperref Info: Hyper figures OFF on input line 4195.
Package hyperref Info: Link nesting OFF on input line 4200.
Package hyperref Info: Hyper index ON on input line 4203.
Package hyperref Info: Plain pages OFF on input line 4210.
Package hyperref Info: Backreferencing OFF on input line 4215.
Package hyperref Info: Implicit mode ON; LaTeX internals redefined.
Package hyperref Info: Bookmarks ON on input line 4462.
\c@Hy@tempcnt=\count304

(/Users/attilapinter/Library/Application Support/MiKTeX/texmfs/install/tex/late
x/url/url.sty
\Urlmuskip=\muskip17
Package: url 2013/09/16  ver 3.4  Verb mode for urls, etc.
)
LaTeX Info: Redefining \url on input line 4801.
\XeTeXLinkMargin=\dimen171

(/Users/attilapinter/Library/Application Support/MiKTeX/texmfs/install/tex/gene
ric/bitset/bitset.sty
Package: bitset 2019/12/09 v1.3 Handle bit-vector datatype (HO)

(/Users/attilapinter/Library/Application Support/MiKTeX/texmfs/install/tex/gene
ric/bigintcalc/bigintcalc.sty
Package: bigintcalc 2019/12/15 v1.5 Expandable calculations on big integers (HO
)
))
\Fld@menulength=\count305
\Field@Width=\dimen172
\Fld@charsize=\dimen173
Package hyperref Info: Hyper figures OFF on input line 6078.
Package hyperref Info: Link nesting OFF on input line 6083.
Package hyperref Info: Hyper index ON on input line 6086.
Package hyperref Info: backreferencing OFF on input line 6093.
Package hyperref Info: Link coloring OFF on input line 6098.
Package hyperref Info: Link coloring with OCG OFF on input line 6103.
Package hyperref Info: PDF/A mode OFF on input line 6108.
\Hy@abspage=\count306
\c@Item=\count307
\c@Hfootnote=\count308
)
Package hyperref Info: Driver (autodetected): hxetex.

(/Users/attilapinter/Library/Application Support/MiKTeX/texmfs/install/tex/late
x/hyperref/hxetex.def
File: hxetex.def 2025-07-12 v7.01o Hyperref driver for XeTeX
\pdfm@box=\box58
\c@Hy@AnnotLevel=\count309
\HyField@AnnotCount=\count310
\Fld@listcount=\count311
\c@bookmark@seq@number=\count312

(/Users/attilapinter/Library/Application Support/MiKTeX/texmfs/install/tex/late
x/rerunfilecheck/rerunfilecheck.sty
Package: rerunfilecheck 2025-06-21 v1.11 Rerun checks for auxiliary files (HO)

(/Users/attilapinter/Library/Application Support/MiKTeX/texmfs/install/tex/gene
ric/uniquecounter/uniquecounter.sty
Package: uniquecounter 2019/12/15 v1.4 Provide unlimited unique counter (HO)
)
Package uniquecounter Info: New unique counter `rerunfilecheck' on input line 2
84.
)
\Hy@SectionHShift=\skip66
))
Package hyperref Info: Option `colorlinks' set `true' on input line 24.

(/Users/attilapinter/Library/Application Support/MiKTeX/texmfs/install/tex/late
x/xurl/xurl.sty
Package: xurl 2022/01/09 v 0.10 modify URL breaks
)

Package fontspec Info: 
(fontspec)             Font family 'SFNSText-Regular.otf(0)' created for font
(fontspec)             'SFNSText-Regular.otf' with options
(fontspec)             [Ligatures=TeX,BoldFont={SFNSText-Bold.otf},ItalicFont={
SFNSText-RegularItalic.otf},BoldItalicFont={SFNSText-BoldItalic.otf}].
(fontspec)              
(fontspec)              This font family consists of the following NFSS
(fontspec)             series/shapes:
(fontspec)              
(fontspec)             - 'normal' (m/n) with NFSS spec.:
(fontspec)             <->"[SFNSText-Regular.otf]/OT:script=latn;language=dflt;
mapping=tex-text;"
(fontspec)             - 'bold' (b/n) with NFSS spec.:
(fontspec)             <->"[SFNSText-Bold.otf]/OT:script=latn;language=dflt;map
ping=tex-text;"
(fontspec)             - 'italic' (m/it) with NFSS spec.:
(fontspec)             <->"[SFNSText-RegularItalic.otf]/OT:script=latn;language
=dflt;mapping=tex-text;"
(fontspec)             - 'bold italic' (b/it) with NFSS spec.:
(fontspec)             <->"[SFNSText-BoldItalic.otf]/OT:script=latn;language=df
lt;mapping=tex-text;"


Package fontspec Info: 
(fontspec)             Font family 'ClashGrotesk-Bold.ttf(0)' created for font
(fontspec)             'ClashGrotesk-Bold.ttf' with options [].
(fontspec)              
(fontspec)              This font family consists of the following NFSS
(fontspec)             series/shapes:
(fontspec)              
(fontspec)             - 'normal' (m/n) with NFSS spec.:
(fontspec)             <->"[ClashGrotesk-Bold.ttf]/OT:script=latn;language=dflt
;"


Package fontspec Info: 
(fontspec)             Font family 'ClashGrotesk-Semibold.ttf(0)' created for
(fontspec)             font 'ClashGrotesk-Semibold.ttf' with options [].
(fontspec)              
(fontspec)              This font family consists of the following NFSS
(fontspec)             series/shapes:
(fontspec)              
(fontspec)             - 'normal' (m/n) with NFSS spec.:
(fontspec)             <->"[ClashGrotesk-Semibold.ttf]/OT:script=latn;language=
dflt;"

)
(/Users/attilapinter/Library/Application Support/MiKTeX/texmfs/install/tex/late
x/lipsum/lipsum.sty
(/Users/attilapinter/Library/Application Support/MiKTeX/texmfs/install/tex/late
x/l3packages/l3keys2e/l3keys2e.sty
Package: l3keys2e 2025-10-09 LaTeX2e option processing using LaTeX3 keys
)
Package: lipsum 2021-09-20 v2.7 150 paragraphs of Lorem Ipsum dummy text
\g__lipsum_par_int=\count313
\l__lipsum_a_int=\count314
\l__lipsum_b_int=\count315

(/Users/attilapinter/Library/Application Support/MiKTeX/texmfs/install/tex/late
x/lipsum/lipsum.ltd.tex))
(/Users/attilapinter/Library/Application Support/MiKTeX/texmfs/install/tex/gene
ric/babel/babel.sty
Package: babel 2025/12/11 v25.17 The multilingual framework for LuaLaTeX, pdfLa
TeX and XeLaTeX
\babel@savecnt=\count316
LaTeX Encoding Info:    Redeclaring text command \ij (encoding OT1) on input li
ne 2068.
LaTeX Encoding Info:    Redeclaring text command \IJ (encoding OT1) on input li
ne 2070.
LaTeX Encoding Info:    Redeclaring text command \ij (encoding T1) on input lin
e 2072.
LaTeX Encoding Info:    Redeclaring text command \IJ (encoding T1) on input lin
e 2073.
LaTeX Encoding Info:    Ignoring declaration for text command \ij (encoding ?) 
on input line 2074.
LaTeX Encoding Info:    Ignoring declaration for text command \IJ (encoding ?) 
on input line 2076.
LaTeX Encoding Info:    Ignoring declaration for text command \SS (encoding ?) 
on input line 2101.
\U@D=\dimen174
\l@unhyphenated=\language79

(/Users/attilapinter/Library/Application Support/MiKTeX/texmfs/install/tex/gene
ric/babel/xebabel.def)
\bbl@readstream=\read2
\bbl@dirlevel=\count317
Package babel Info: Configuration files are deprecated, as
(babel)             they can break document portability.
(babel)             Reported on input line 4196.

*************************************
* Local config file bblopts.cfg used
*

(/Users/attilapinter/Library/Application Support/MiKTeX/texmfs/install/tex/late
x/arabi/bblopts.cfg
File: bblopts.cfg 2005/09/08 v0.1 add Arabic and Farsi to "declared" options of
 babel
)
(/Users/attilapinter/Library/Application Support/MiKTeX/texmfs/install/tex/gene
ric/babel/locale/en/babel-english.tex)
Package babel Info: Importing font and identification data for english
(babel)             from babel-en.ini. Reported on input line 4320.

(/Users/attilapinter/Library/Application Support/MiKTeX/texmfs/install/tex/late
x/babel-english/english.ldf
Language: english 2017/06/06 v3.3r English support from the babel system
Package babel Info: Hyphen rules for 'canadian' set to \l@english
(babel)             (\language0). Reported on input line 102.
Package babel Info: Hyphen rules for 'australian' set to \l@ukenglish
(babel)             (\language73). Reported on input line 105.
Package babel Info: Hyphen rules for 'newzealand' set to \l@ukenglish
(babel)             (\language73). Reported on input line 108.
))
(/Users/attilapinter/Library/Application Support/MiKTeX/texmfs/install/tex/late
x/amsmath/amsmath.sty
Package: amsmath 2025/07/09 v2.17z AMS math features
\@mathmargin=\skip67

For additional information on amsmath, use the `?' option.

(/Users/attilapinter/Library/Application Support/MiKTeX/texmfs/install/tex/late
x/amsmath/amstext.sty
Package: amstext 2024/11/17 v2.01 AMS text

(/Users/attilapinter/Library/Application Support/MiKTeX/texmfs/install/tex/late
x/amsmath/amsgen.sty
File: amsgen.sty 1999/11/30 v2.0 generic functions
\@emptytoks=\toks24
\ex@=\dimen175
))
(/Users/attilapinter/Library/Application Support/MiKTeX/texmfs/install/tex/late
x/amsmath/amsbsy.sty
Package: amsbsy 1999/11/29 v1.2d Bold Symbols
\pmbraise@=\dimen176
)
(/Users/attilapinter/Library/Application Support/MiKTeX/texmfs/install/tex/late
x/amsmath/amsopn.sty
Package: amsopn 2022/04/08 v2.04 operator names
)
\inf@bad=\count318
LaTeX Info: Redefining \frac on input line 233.
\uproot@=\count319
\leftroot@=\count320
LaTeX Info: Redefining \overline on input line 398.
LaTeX Info: Redefining \colon on input line 409.
\classnum@=\count321
\DOTSCASE@=\count322
LaTeX Info: Redefining \ldots on input line 495.
LaTeX Info: Redefining \dots on input line 498.
LaTeX Info: Redefining \cdots on input line 619.
\Mathstrutbox@=\box59
\strutbox@=\box60
LaTeX Info: Redefining \big on input line 721.
LaTeX Info: Redefining \Big on input line 722.
LaTeX Info: Redefining \bigg on input line 723.
LaTeX Info: Redefining \Bigg on input line 724.
\big@size=\dimen177
LaTeX Font Info:    Redeclaring font encoding OML on input line 742.
LaTeX Font Info:    Redeclaring font encoding OMS on input line 743.
\macc@depth=\count323
LaTeX Info: Redefining \bmod on input line 904.
LaTeX Info: Redefining \pmod on input line 909.
LaTeX Info: Redefining \smash on input line 939.
LaTeX Info: Redefining \relbar on input line 969.
LaTeX Info: Redefining \Relbar on input line 970.
\c@MaxMatrixCols=\count324
\dotsspace@=\muskip18
\c@parentequation=\count325
\dspbrk@lvl=\count326
\tag@help=\toks25
\row@=\count327
\column@=\count328
\maxfields@=\count329
\andhelp@=\toks26
\eqnshift@=\dimen178
\alignsep@=\dimen179
\tagshift@=\dimen180
\tagwidth@=\dimen181
\totwidth@=\dimen182
\lineht@=\dimen183
\@envbody=\toks27
\multlinegap=\skip68
\multlinetaggap=\skip69
\mathdisplay@stack=\toks28
LaTeX Info: Redefining \[ on input line 2950.
LaTeX Info: Redefining \] on input line 2951.
)
(/Users/attilapinter/Library/Application Support/MiKTeX/texmfs/install/tex/late
x/ppower4/background.sty

! LaTeX Error: Unknown option `pages=some' for package `background'.

See the LaTeX manual or LaTeX Companion for explanation.
Type  H <return>  for immediate help.
 ...                                              
                                                  
l.31 
     
? X
 
Here is how much of TeX's memory you used:
 18068 strings out of 402990
 396567 string characters out of 5443389
 1077166 words of memory out of 5000000
 46614 multiletter control sequences out of 15000+600000
 628307 words of font info for 57 fonts, out of 8000000 for 9000
 1348 hyphenation exceptions out of 8191
 113i,1n,110p,11230b,341s stack positions out of 10000i,1000n,20000p,200000b,200000s
No pages of output.
